<top><data><item><sku>GRO-000-415</sku><name>gum</name><sold>1412</sold><in-stock>54</in-stock><on-order>10</on-order></item><item><sku>HRD-000-212</sku><name>rope</name><sold>85</sold><in-stock>4</in-stock><on-order>2</on-order></item><item><sku>HRD-000-517</sku><name>ladder</name><sold>0</sold><in-stock>2</in-stock><on-order>1</on-order></item><item><sku>HRD-000-632</sku><name>bolt</name><sold>4123</sold><in-stock>144</in-stock><on-order>42</on-order></item><item><sku>GRO-000-2331</sku><name>water</name><sold>17</sold><in-stock>14</in-stock><on-order>2</on-order></item></data><data><item><sku>GRO-000-415</sku><name>gum</name><sold>1412.0</sold><in-stock>54</in-stock><on-order>10</on-order></item><item><sku>HRD-000-212</sku><name>rope</name><sold>85.0</sold><in-stock>4</in-stock><on-order>2</on-order></item><item><sku>HRD-000-517</sku><name>ladder</name><sold>0</sold><in-stock>2</in-stock><on-order>1</on-order></item><item><sku>HRD-000-632</sku><name>bolt</name><sold>4123.0</sold><in-stock>144</in-stock><on-order>42</on-order></item><item><sku>GRO-000-2331</sku><name>water</name><sold>17.0</sold><in-stock>14</in-stock><on-order>2</on-order></item></data><data><item><sku>GRO-000-533</sku><name>fish</name><sold>1321.0</sold><in-stock>45</in-stock><on-order>1</on-order></item></data></top>