{{<30>1 2015-06-23T18:29:58.866-0500 bock.juniper.net test-program 90958 [42@animal-status <animal>snake</animal>
<state>loose</state>
] The snake is loose}}
{{test-program: }}
{{The snake is loose}}

{{<30>1 2015-06-23T18:29:58.866-0500 bock.juniper.net test-program 90958 [42@animal-consumed <animal>snake</animal>
<pet>hamster</pet>
] My snake ate your hamster}}
{{test-program: }}
{{My snake ate your hamster}}

{{<29>1 2015-06-23T18:29:58.866-0500 bock.juniper.net test-program 90958 [42@animal-talk <count>1</count>
<animal>owl</animal>
<quote>"e=m\c[2]"</quote>
] 1 owl said "e=m\c[2]"}}
{{test-program: }}
{{1 owl said "e=m\c[2]"}}

<top __version="3.1.4">
</top>
