<employees><v1>γιγνώσκειν</v1><v2>ὦ ἄνδρες ᾿Αθηναῖοι</v2><v1>ახლავე გაიაროთ რეგისტრაცია</v1><v2>Unicode-ის მეათე საერთაშორისო</v2><employee><first-name>Jim ("რეგტ")</first-name><last-name>გთხოვთ ახ</last-name><department>431</department><percent-time>90</percent-time><benefits full-time="honest &amp; for true">full</benefits></employee><employee><first-name>Terry ("&lt;one")</first-name><last-name>Οὐχὶ ταὐτὰ παρίσταταί μοι Jones</last-name><department>660</department><percent-time>90</percent-time><benefits full-time="honest &amp; for true">full</benefits></employee><employee><first-name>Leslie ("Les")</first-name><last-name>Patterson</last-name><department>341</department><percent-time>60</percent-time><benefits full-time="honest &amp; for true">full</benefits></employee><employee><first-name>Ashley ("Ash")</first-name><last-name>Meter &amp; Smith</last-name><department>1440</department><percent-time>40</percent-time></employee><employee><first-name>012345678901234567890</first-name><last-name>012345678901234567890</last-name><department>1440</department><percent-time>40</percent-time></employee></employees>