op create: [] []
op open_container: [employees] []
op open_leaf_list: [wc] []
op string: [wc] [෴ - 0xdf4 - 1]
op string: [wc] [ණ - 0xdab - 1]
op string: [wc] [් - 0xdca - 0]
op string: [wc] [ණ - 0xdab - 1]
op string: [wc] [្ - 0x17d2 - 0]
op string: [wc] [෴ - 0xdf4 - 1]
op close_leaf_list: [wc] []
op string: [v1] [γιγνώσκειν]
op string: [v2] [ὦ ἄνδρες ᾿Αθηναῖοι]
op string: [v1] [ახლავე გაიაროთ რეგისტრაცია]
op string: [v2] [Unicode-ის მეათე საერთაშორისო]
op content: [width] [55]
op string: [sinhala] [෴ණ්ණ෴]
op content: [width] [4]
op string: [sinhala] [෴]
op content: [width] [1]
op string: [sinhala] [෴ණ්ණ෴෴ණ්ණ෴]
op content: [width] [8]
op string: [not-sinhala] [123456]
op string: [tag] [ර්‍ඝ]
op content: [width] [2]
op open_list: [employee] []
op open_instance: [employee] []
op string: [first-name] [Jim]
op string: [nic-name] ["რეგტ"]
op string: [last-name] [გთხოვთ ახ]
op content: [department] [431]
op content: [percent-time] [90]
op attr: [full-time] [honest & for true]
op string: [benefits] [full]
op close_instance: [employee] []
op open_instance: [employee] []
op string: [first-name] [Terry]
op string: [nic-name] ["<one"]
op string: [last-name] [Οὐχὶ ταὐτὰ παρίσταταί μοι Jones]
op content: [department] [660]
op content: [percent-time] [90]
op attr: [full-time] [honest & for true]
op string: [benefits] [full]
op close_instance: [employee] []
op open_instance: [employee] []
op string: [first-name] [Leslie]
op string: [nic-name] ["Les"]
op string: [last-name] [Patterson]
op content: [department] [341]
op content: [percent-time] [60]
op attr: [full-time] [honest & for true]
op string: [benefits] [full]
op close_instance: [employee] []
op open_instance: [employee] []
op string: [first-name] [Ashley]
op string: [nic-name] ["Ash"]
op string: [last-name] [Meter & Smith]
op content: [department] [1440]
op content: [percent-time] [40]
op close_instance: [employee] []
op open_instance: [employee] []
op string: [first-name] [0123456789]
op string: [nic-name] ["0123456789"]
op string: [last-name] [012345678901234567890]
op content: [department] [1440]
op content: [percent-time] [40]
op close_instance: [employee] []
op open_instance: [employee] []
op string: [first-name] [ახლა]
op string: [nic-name] ["გაიარო"]
op string: [last-name] [საერთაშორისო]
op content: [department] [123]
op content: [percent-time] [90]
op attr: [full-time] [honest & for true]
op string: [benefits] [full]
op close_instance: [employee] []
op open_instance: [employee] []
op string: [first-name] [෴ණ්ණ෴෴ණ්ණ෴]
op string: [nic-name] ["Mick"]
op string: [last-name] [෴ණ්ණ෴෴ණ්ණ෴෴ණ්ණ෴෴෴]
op content: [department] [110]
op content: [percent-time] [20]
op close_instance: [employee] []
op close_list: [employee] []
op close_container: [employees] []
op finish: [] []
op flush: [] []
