<top>
  <data>
    <flag>one</flag>
    <flag>two</flag>
    <flag>three</flag>
    <empty-tag></empty-tag>
    <t1>1000</t1>
    <t2>test5000</t2>
    <t3>ten-longx</t3>
    <t4>xtest</t4>
    <error>
      <message>this is an error</message>
    </error>
    <error>
      <message>two more errors</message>
    </error>
    <error>
      <message>this is an warning</message>
    </error>
    <error>
      <message>two more warnings</message>
    </error>
    <count>10</count>
    <test>4</test>
  <message>improper use of profanity; ten yard penalty; first down</message>
    <error>
      <message>Shut 'er down, Clancey!  She's a-pumpin' mud!  &lt;&gt;!,"!&lt;&gt;
</message>
    </error>
  </data>
</top>
