Item             Count
Name: gum       
Name: rope      
Name: ladder    
Name: bolt      
Name: water     


Item             Count
Name: gum       
Name: rope      
Name: ladder    
Name: bolt      
Name: water     


