"employees": {"employee": [{"first-name":"Terry (\"<one\")","last-name":"Jones","department":660,"percent-time":90,"benefits":"full"}, {"first-name":"Leslie (\"Les\")","last-name":"Patterson","department":341,"percent-time":60,"benefits":"full"}, {"first-name":"Ashley (\"Ash\")","last-name":"Meter & Smith","department":1440,"percent-time":40}]}
