First Name          First Name      DepartmentTime (%)
Terry ("<one")      Jones              660      90
Leslie ("Les")      Patterson          341      60
Ashley ("Ash")      Meter & Smith     1440      40
