beforeworkingafter:
one two three
1:  1000 2:test5000     3:  ten-longx 4:xtest      
this is an error
two more errors
this is an warning
two more warnings
V1/V2 packets: 10
0004 tries
improper use of profanity; ten yard penalty; first down
