{"top": {"data": {"flag": ["one","two","three"],"empty-tag":true,"t1":"1000","t2":"test5000","t3":"ten-longx","t4":"xtest","count":10,"test":4}}
}
