{
  "top": {
    "data": {
      "contents": {
        "name": [
           "gum", "rope", "ladder", "bolt", "water"
        ]
      },
      "contents": {
        "item": [
           "gum", "rope", "ladder", "bolt", "water"
        ]
      },
      "contents": {
        "item": [
           "gum", "rope", "ladder", "bolt", "water"
        ],
        "total": "six"
      }
    }
  }
}
