<div class="line"><div class="title">First Name          </div><div class="title">Last Name     </div><div class="title">Department  </div><div class="title">Time (%)</div></div><div class="line"><div class="data" data-tag="first-name">Terry ("&lt;one")      </div><div class="data" data-tag="last-name">Jones         </div><div class="data" data-tag="department">     660</div><div class="data" data-tag="percent-time">      90</div></div><div class="line"><div class="data" data-tag="first-name">Leslie ("Les")      </div><div class="data" data-tag="last-name">Patterson     </div><div class="data" data-tag="department">     341</div><div class="data" data-tag="percent-time">      60</div></div><div class="line"><div class="data" data-tag="first-name">Ashley ("Ash")      </div><div class="data" data-tag="last-name">Meter &amp; Smith </div><div class="data" data-tag="department">    1440</div><div class="data" data-tag="percent-time">      40</div></div>