<top><data><contents><name>gum</name><name>rope</name><name>ladder</name><name>bolt</name><name>water</name></contents><contents><item>gum</item><item>rope</item><item>ladder</item><item>bolt</item><item>water</item></contents></data></top>