<div class="line"><div class="message">improper use of profanity; ten yard penalty; first down
</div><div class="error">Shut 'er down, Clancey!  She's a-pumpin' mud!  &lt;&gt;!,"!&lt;&gt;
</div></div>