{{<14>1 2015-06-23T13:47:09.123-0500 worker-host test-program 222 [animal-status@42 "animal": "snake",
"state": "loose"] The snake is loose}}
{{test-program: }}
{{The snake is loose}}

{{<22>1 2015-06-23T13:47:09.123-0500 worker-host test-program 222 [animal-consumed@42 "animal": "snake",
"pet": "hamster"] My snake ate your hamster}}
{{test-program: }}
{{My snake ate your hamster}}

{{<29>1 2015-06-23T13:47:09.123-0500 worker-host test-program 222 [animal-talk@42 "count": 1,
"animal": "owl",
"quote": "\"e=m\\c[2]\""] 1 owl said "e=m\c[2]"}}
{{test-program: }}
{{1 owl said "e=m\c[2]"}}

{
  "__version": "3.1.4", 
  "top": {

  }
}
