{{<14>1 2015-06-23T13:47:09.123-0500 worker-host test-program 222 [animal-status@42 <div class="line">
  <div class="text">The </div>
  <div class="data" data-tag="animal" data-xpath="/animal">snake</div>
  <div class="text"> is </div>
  <div class="data" data-tag="state" data-xpath="/state">loose</div>
</div>
] The snake is loose}}
{{test-program: }}
{{The snake is loose}}

{{<22>1 2015-06-23T13:47:09.123-0500 worker-host test-program 222 [animal-consumed@42 <div class="line">
  <div class="text">My </div>
  <div class="data" data-tag="animal" data-xpath="/animal">snake</div>
  <div class="text"> ate your </div>
  <div class="data" data-tag="pet" data-xpath="/pet">hamster</div>
</div>
] My snake ate your hamster}}
{{test-program: }}
{{My snake ate your hamster}}

{{<29>1 2015-06-23T13:47:09.123-0500 worker-host test-program 222 [animal-talk@42 <div class="line">
  <div class="data" data-tag="count" data-xpath="/count">1</div>
  <div class="text"> </div>
  <div class="data" data-tag="animal" data-xpath="/animal">owl</div>
  <div class="text"> said </div>
  <div class="data" data-tag="quote" data-xpath="/quote">"e=m\c[2]"</div>
</div>
] 1 owl said "e=m\c[2]"}}
{{test-program: }}
{{1 owl said "e=m\c[2]"}}

