<div class="line">
  <div class="title">beforeworkingafter:</div>
</div>
<div class="line">
  <div class="label">V1/V2 packets</div>
  <div class="text">: </div>
  <div class="data" data-tag="count">10</div>
</div>
<div class="line">
  <div class="data" data-tag="test">0004</div>
  <div class="text"> </div>
  <div class="label">tries</div>
</div>
<div class="line">
  <div class="message">improper use of profanity; ten yard penalty; first down
</div>
  <div class="error">Shut 'er down, Clancey!  She's a-pumpin' mud!  &lt;&gt;!,"!&lt;&gt;
</div>
</div>
