<div class="line">
  <div class="title">Item      </div>
  <div class="title">       Count</div>
</div>
<div class="line">
  <div class="text">Name: </div>
  <div class="data" data-tag="name" data-xpath="/top/data/contents/name">gum       </div>
</div>
<div class="line">
  <div class="text">Name: </div>
  <div class="data" data-tag="name" data-xpath="/top/data/contents/name">rope      </div>
</div>
<div class="line">
  <div class="text">Name: </div>
  <div class="data" data-tag="name" data-xpath="/top/data/contents/name">ladder    </div>
</div>
<div class="line">
  <div class="text">Name: </div>
  <div class="data" data-tag="name" data-xpath="/top/data/contents/name">bolt      </div>
</div>
<div class="line">
  <div class="text">Name: </div>
  <div class="data" data-tag="name" data-xpath="/top/data/contents/name">water     </div>
</div>
<div class="line">
</div>
<div class="line">
</div>
<div class="line">
  <div class="title">Item      </div>
  <div class="title">       Count</div>
</div>
<div class="line">
  <div class="text">Name: </div>
  <div class="data" data-tag="item" data-xpath="/top/data/contents/item">gum       </div>
</div>
<div class="line">
  <div class="text">Name: </div>
  <div class="data" data-tag="item" data-xpath="/top/data/contents/item">rope      </div>
</div>
<div class="line">
  <div class="text">Name: </div>
  <div class="data" data-tag="item" data-xpath="/top/data/contents/item">ladder    </div>
</div>
<div class="line">
  <div class="text">Name: </div>
  <div class="data" data-tag="item" data-xpath="/top/data/contents/item">bolt      </div>
</div>
<div class="line">
  <div class="text">Name: </div>
  <div class="data" data-tag="item" data-xpath="/top/data/contents/item">water     </div>
</div>
<div class="line">
</div>
<div class="line">
</div>
