{
  "a": {
    "b": {
      "c": {
        "state": "North Carolina",
        "city": "Raleigh",
        "state": "North Carolina",
        "city": "Raleigh"
      }
    }
  }
}
{
  "a": {
    "b": {
      "c": {
        "state": "North Carolina",
        "city": "Raleigh"
      }
    }
  }
}
{
  "a": {
    "b": {
      "c": {
        "state": "North Carolina",
        "city": "Raleigh",
        "d": {
          "e": {
            "f": {
              "state": "North Carolina",
              "city": "Raleigh"
            }
          }
        },
        "state": "North Carolina",
        "city": "Raleigh"
      }
    }
  }
}
"a": {
  "b": {
    "c": {
      "state": "North Carolina",
      "city": "Raleigh"
    }
  }
}{
  "a": {
    "b": {
      "c": {
        "state": "North Carolina",
        "city": "Raleigh"
      }
    }
  }
}
{ }
"answer": {
"state": "North Carolina",
"city": "Raleigh"
}{
  "top": {
    "data": {
    "tag": "value1"    "tag": "value2"
    }
  }
}
