<div class="line">
  <div class="text">The capital of </div>
  <div class="data" data-tag="state" data-xpath="/a/b/c/state">North Carolina</div>
  <div class="text"> is </div>
  <div class="data" data-tag="city" data-xpath="/a/b/c/city">Raleigh</div>
</div>
<div class="line">
  <div class="text">The capital of </div>
  <div class="data" data-tag="state" data-xpath="/state">North Carolina</div>
  <div class="text"> is </div>
  <div class="data" data-tag="city" data-xpath="/city">Raleigh</div>
</div>
<div class="line">
  <div class="text">The capital of </div>
  <div class="data" data-tag="state" data-xpath="/a/b/c/state">North Carolina</div>
  <div class="text"> is </div>
  <div class="data" data-tag="city" data-xpath="/a/b/c/city">Raleigh</div>
</div>
<div class="line">
  <div class="text">The capital of </div>
  <div class="data" data-tag="state" data-xpath="/a/b/c/state">North Carolina</div>
  <div class="text"> is </div>
  <div class="data" data-tag="city" data-xpath="/a/b/c/city">Raleigh</div>
</div>
<div class="line">
  <div class="text">The capital of </div>
  <div class="data" data-tag="state" data-xpath="/d/e/f/state">North Carolina</div>
  <div class="text"> is </div>
  <div class="data" data-tag="city" data-xpath="/d/e/f/city">Raleigh</div>
</div>
<div class="line">
  <div class="text">The capital of </div>
  <div class="data" data-tag="state" data-xpath="/state">North Carolina</div>
  <div class="text"> is </div>
  <div class="data" data-tag="city" data-xpath="/city">Raleigh</div>
</div>
<div class="line">
  <div class="text">The capital of </div>
  <div class="data" data-tag="state" data-xpath="/a/b/c/state">North Carolina</div>
  <div class="text"> is </div>
  <div class="data" data-tag="city" data-xpath="/a/b/c/city">Raleigh</div>
</div>
<div class="line">
  <div class="text">The capital of </div>
  <div class="data" data-tag="state" data-xpath="/a/b/c/state">North Carolina</div>
  <div class="text"> is </div>
  <div class="data" data-tag="city" data-xpath="/a/b/c/city">Raleigh</div>
</div>
<div class="line">
  <div class="text">test</div>
</div>
<div class="line">
  <div class="text">Answer:</div>
  <div class="text">The capital of </div>
  <div class="data" data-tag="state" data-xpath="/state">North Carolina</div>
  <div class="text"> is </div>
  <div class="data" data-tag="city" data-xpath="/city">Raleigh</div>
</div>
