</div><div class="line"><div class="text">Item </div><div class="data" data-tag="name">one</div><div class="text"> is </div><div class="data" data-tag="value">one</div></div></div><div class="line"><div class="text">Item </div><div class="data" data-tag="name">two</div><div class="text"> is </div><div class="data" data-tag="value">two</div></div></div><div class="line"><div class="text">Item </div><div class="data" data-tag="name">three</div><div class="text"> is </div><div class="data" data-tag="value">three</div></div></div><div class="line"><div class="text">Item </div><div class="data" data-tag="name">four</div><div class="text"> is </div><div class="data" data-tag="value">four</div></div></div></div>