Item one is one
Item two is two
Item three is three
Item four is four
