"top": {"item": {"name":"one","value":"one"}, "item": {"name":"two","value":"two"}, "item": {"name":"three","value":"three"}, "item": {"name":"four","value":"four"}}
