<a><b><c><state>North Carolina</state><city>Raleigh</city><state>North Carolina</state><city>Raleigh</city></c></b></a><a><b><c><state>North Carolina</state><city>Raleigh</city></c></b></a><a><b><c><state>North Carolina</state><city>Raleigh</city><d><e><f><state>North Carolina</state><city>Raleigh</city></f></e></d><state>North Carolina</state><city>Raleigh</city></c></b></a><a><b><c><state>North Carolina</state><city>Raleigh</city></c></b></a><a><b><c><state>North Carolina</state><city>Raleigh</city></c></b></a><answer><state>North Carolina</state><city>Raleigh</city></answer>