The capital of North Carolina is Raleigh
The capital of North Carolina is Raleigh
The capital of North Carolina is Raleigh
The capital of North Carolina is Raleigh
The capital of North Carolina is Raleigh
The capital of North Carolina is Raleigh
The capital of North Carolina is Raleigh
The capital of North Carolina is Raleigh
test
Answer:The capital of North Carolina is Raleigh
