<top><item><name>one</name><value>one</value></item><item><name>two</name><value>two</value></item><item><name>three</name><value>three</value></item><item><name>four</name><value>four</value></item></top>